[2026-08-03T17:34:10.317Z] GET http://localhost:8791/coding-prep.html → 200 (4ms, 52474B)
[2026-08-03T17:34:10.324Z] GET http://localhost:8791/assets/css/style.css?v=20260714-w3f → 200 (2ms, 88900B)
[2026-08-03T17:34:10.324Z] GET http://localhost:8791/assets/js/theme.js → 200 (2ms, 4095B)
[2026-08-03T17:34:10.324Z] GET http://localhost:8791/assets/js/roster.js?v=20260706 → 200 (2ms, 846B)
[2026-08-03T17:34:10.325Z] GET http://localhost:8791/assets/js/auth.js → 200 (1ms, 5160B)
[2026-08-03T17:34:10.325Z] GET http://localhost:8791/assets/js/coding-coach.js?v=20260803 → 200 (1ms, 24730B)
[2026-08-03T17:34:12.488Z] GET http://localhost:8791/coding-prep.html → 200 (2ms, ?B)
[2026-08-03T17:34:12.494Z] GET http://localhost:8791/assets/css/style.css?v=20260714-w3f → 200 (?ms, -187B)
[2026-08-03T17:34:12.495Z] GET http://localhost:8791/assets/js/theme.js → 200 (?ms, -193B)
[2026-08-03T17:34:12.495Z] GET http://localhost:8791/assets/js/roster.js?v=20260706 → 200 (?ms, -192B)
[2026-08-03T17:34:12.495Z] GET http://localhost:8791/assets/js/auth.js → 200 (?ms, -193B)
[2026-08-03T17:34:12.495Z] GET http://localhost:8791/assets/js/coding-coach.js?v=20260803 → 200 (?ms, -194B)
[2026-08-03T17:34:14.630Z] GET https://cdnjs.cloudflare.com/ajax/libs/codemirror/5.65.16/codemirror.min.css → pending (?ms, ?B)
[2026-08-03T17:34:14.630Z] POST http://127.0.0.1:8799/coach/start → pending (?ms, ?B)
[2026-08-03T17:34:14.727Z] GET https://cdnjs.cloudflare.com/ajax/libs/codemirror/5.65.16/theme/material-darker.min.css → 200 (54ms, 690B)
[2026-08-03T17:34:14.781Z] GET https://cdnjs.cloudflare.com/ajax/libs/codemirror/5.65.16/codemirror.min.js → 200 (49ms, 51009B)
[2026-08-03T17:34:14.832Z] GET https://cdnjs.cloudflare.com/ajax/libs/codemirror/5.65.16/mode/python/python.min.js → 200 (41ms, 3182B)
[2026-08-03T17:34:14.832Z] GET https://cdnjs.cloudflare.com/ajax/libs/codemirror/5.65.16/mode/clike/clike.min.js → 200 (32ms, 7097B)
[2026-08-03T17:34:14.832Z] GET https://cdnjs.cloudflare.com/ajax/libs/codemirror/5.65.16/addon/edit/closebrackets.min.js → 200 (32ms, 1979B)
[2026-08-03T17:35:56.396Z] GET https://2463-fde.github.io/content/coding-prep.html → 200 (74ms, 16726B)
[2026-08-03T17:35:56.481Z] GET https://2463-fde.github.io/content/assets/css/style.css?v=20260714-w3f → 200 (47ms, 20660B)
[2026-08-03T17:35:56.481Z] GET https://2463-fde.github.io/content/assets/js/theme.js → 200 (30ms, 1871B)
[2026-08-03T17:35:56.481Z] GET https://2463-fde.github.io/content/assets/js/roster.js?v=20260706 → 200 (28ms, 700B)
[2026-08-03T17:35:56.481Z] GET https://2463-fde.github.io/content/assets/js/auth.js → 200 (33ms, 2353B)
[2026-08-03T17:35:56.481Z] GET https://2463-fde.github.io/content/assets/js/coding-coach.js?v=20260803 → 200 (82ms, 7957B)
[2026-08-03T17:35:58.678Z] GET https://2463-fde.github.io/content/coding-prep.html → 200 (19ms, 128B)
[2026-08-03T17:35:58.702Z] GET https://2463-fde.github.io/content/assets/css/style.css?v=20260714-w3f → 200 (?ms, -749B)
[2026-08-03T17:35:58.702Z] GET https://2463-fde.github.io/content/assets/js/theme.js → 200 (?ms, -760B)
[2026-08-03T17:35:58.702Z] GET https://2463-fde.github.io/content/assets/js/roster.js?v=20260706 → 200 (?ms, -759B)
[2026-08-03T17:35:58.702Z] GET https://2463-fde.github.io/content/assets/js/auth.js → 200 (?ms, -761B)
[2026-08-03T17:35:58.703Z] GET https://2463-fde.github.io/content/assets/js/coding-coach.js?v=20260803 → 200 (?ms, -761B)
[2026-08-03T17:36:01.784Z] GET https://cdnjs.cloudflare.com/ajax/libs/codemirror/5.65.16/codemirror.min.css → 200 (12ms, -939B)
[2026-08-03T17:36:01.784Z] POST https://fde-backend.jestercharles.workers.dev/coach/start → 200 (330ms, 1033B)
[2026-08-03T17:36:01.797Z] GET https://cdnjs.cloudflare.com/ajax/libs/codemirror/5.65.16/theme/material-darker.min.css → 200 (?ms, -925B)
[2026-08-03T17:36:01.799Z] GET https://cdnjs.cloudflare.com/ajax/libs/codemirror/5.65.16/codemirror.min.js → 200 (?ms, -993B)
[2026-08-03T17:36:01.801Z] GET https://cdnjs.cloudflare.com/ajax/libs/codemirror/5.65.16/mode/python/python.min.js → 200 (1ms, -981B)
[2026-08-03T17:36:01.801Z] GET https://cdnjs.cloudflare.com/ajax/libs/codemirror/5.65.16/mode/clike/clike.min.js → 200 (1ms, -996B)
[2026-08-03T17:36:01.801Z] GET https://cdnjs.cloudflare.com/ajax/libs/codemirror/5.65.16/addon/edit/closebrackets.min.js → 200 (2ms, -988B)
